[backblue.gif]
[fade.gif]
[index.html]
[www.startech.com.bd/image/catalog/logo.png]
[www.startech.com.bd/catalog/view/theme/koyla/javascript/site.min.50.js]
[www.google-analytics.com/analytics.js]
[www.startech.com.bd/accessories/speaker-and-home-theater/Logitech-speaker.html]
[www.startech.com.bd/accessories/bluetooth-speaker/jabra.html]
[www.startech.com.bd/accessories/speaker-and-home-theater/xiaomi-speaker.html]
[www.startech.com.bd/accessories/bluetooth-speaker.html]
[www.startech.com.bd/accessories/bluetooth-speaker/bang-and-olufsen.html]
[www.startech.com.bd/accessories/bluetooth-speaker/xtreme.html]
[www.startech.com.bd/accessories/bluetooth-speaker/xiaomi.html]
[www.startech.com.bd/accessories/bluetooth-speaker/f-and-d.html]
[www.startech.com.bd/accessories/bluetooth-speaker/huawei.html]
[www.startech.com.bd/accessories/bluetooth-speaker/microlab.html]
[www.startech.com.bd/accessories/bluetooth-speaker/a4-tech.html]
[www.startech.com.bd/accessories/bluetooth-speaker/logitech.html]
[www.startech.com.bd/accessories/bluetooth-speaker/x-mini-speaker.html]
[www.startech.com.bd/accessories/bluetooth-speaker/golden-field.html]
[www.startech.com.bd/accessories/bluetooth-speaker/teutons.html]
[www.startech.com.bd/accessories/bluetooth-speaker/havit.html]
[www.startech.com.bd/accessories/bluetooth-speaker/awei.html]
[www.startech.com.bd/accessories/bluetooth-speaker/pure.html]
[www.startech.com.bd/accessories/bluetooth-speaker/dell.html]
[www.startech.com.bd/accessories/bluetooth-speaker/hp.html]
[www.startech.com.bd/accessories/bluetooth-speaker/jbl.html]
[www.startech.com.bd/accessories/bluetooth-speaker/edifier.html]
[www.startech.com.bd/accessories/bluetooth-speaker/bose-speaker.html]
[www.startech.com.bd/samsung-bluetooth-speaker.html]
[www.startech.com.bd/accessories/bluetooth-speaker/micropack.html]
[www.startech.com.bd/accessories/bluetooth-speaker/rapoo.html]
[www.startech.com.bd/accessories/bluetooth-speaker/kts.html]
[www.startech.com.bd/accessories/bluetooth-speaker/remax.html]
[www.startech.com.bd/sony-bluetooth-speaker.html]
[www.startech.com.bd/panasonic-bluetooth-speaker.html]
[www.startech.com.bd/lenovo-bluetooth-speaker.html]
[www.startech.com.bd/accessories/bluetooth-speaker/kopdum.html]
[www.startech.com.bd/accessories/bluetooth-speaker/harman-kardon.html]
[www.startech.com.bd/qcy-ear-phone.html]
[www.startech.com.bd/accessories/ear-phone/razer-ear-phone.html]
[www.startech.com.bd/accessories/ear-phone/hp-earphone.html]
[www.startech.com.bd/accessories/ear-phone/xiaomi-earphone.html]
[www.startech.com.bd/accessories/ear-phone/rapoo-ear-phone.html]
[www.startech.com.bd/realme-earphone.html]
[www.startech.com.bd/accessories/ear-phone/edifier-earphone.html]
[www.startech.com.bd/accessories/ear-phone/apple-earphone.html]
[www.startech.com.bd/accessories/ear-phone/uiisii.html]
[www.startech.com.bd/awei-earphone.html]
[www.startech.com.bd/teutons-earphone.html]
[www.startech.com.bd/accessories/ear-phone/remax-earphone.html]
[www.startech.com.bd/fantech-earphone.html]
[www.startech.com.bd/accessories/ear-phone/havit-earphone.html]
[www.startech.com.bd/sony-earphone.html]
[www.startech.com.bd/accessories/ear-phone/micropack-earphone.html]
[www.startech.com.bd/oneplus-earphone.html]
[www.startech.com.bd/accessories/ear-phone/baseus-earphone-price.html]
[www.startech.com.bd/plextone-earphone.html]
[www.startech.com.bd/accessories/ear-phone/samsung-earphone.html]
[www.startech.com.bd/accessories/ear-phone/jbl-earphone.html]
[www.startech.com.bd/lenovo-earphone.html]
[www.startech.com.bd/ipipoo-earphone.html]
[www.startech.com.bd/accessories/ear-phone/jabra-earphone.html]
[www.startech.com.bd/accessories/ear-phone/huawei-earphone.html]
[www.startech.com.bd/non-brand-earphone.html]
[www.startech.com.bd/accessories/webcam.html]
[www.startech.com.bd/accessories/ear-phone/1more-earphone.html]
[www.startech.com.bd/accessories/webcam/a4-tech-webcam.html]
[www.startech.com.bd/micropack-webcam.html]
[www.startech.com.bd/value-top-webcam.html]
[www.startech.com.bd/havit-webcam.html]
